Script started on Mon 17 Jun 2019 03:46:07 PM EDT
[root@192 ~]# 
[root@192 ~]# 
[root@192 ~]# 
[root@192 ~]# mkdir /usr/lib/dracut/modules.d/01testtttttt[K[K[K[K[K[K
[root@192 ~]# mkdir /usr/lib/dracut/modules.d/01test/module-setup.sh
[root@192 ~]# mkdir /usr/lib/dracut/modules.d/01test/module-setup.sh[C[C[C[C[C[C[C[C[C[C[C[C[C[C[1P[1P[1@r[1@m
[root@192 ~]# rmdir /usr/lib/dracut/modules.d/01test/module-setup.sh[C[C[C[C[C[C[C[C[C[C[C[C[C[C[1P[1P[1P[1P[1P /usr/lib/dracut/modules.d/01test/module-setup.sh[C[C[C[C[C[C[C[C[C[C[C[C[C[Cv /usr/lib/dracut/modules.d/01test/module-setup.sh[C[C[C[C[C[C[C[C[C[C[C[C[C[C[Ci /usr/lib/dracut/modules.d/01test/module-setup.sh[C[C[C[C[C[C[C[C[C[C[C[C[C[C[C[C
[1;25r[?25h[?8c[?25h[?0c[27m[24m[0m[H[J[?25l[?1c[25;1H"/usr/lib/dracut/modules.d/01test/module-setup.sh" [New File][2;1H[1m[34m~                                                                               [3;1H~                                                                               [4;1H~                                                                               [5;1H~                                                                               [6;1H~                                                                               [7;1H~                                                                               [8;1H~                                                                               [9;1H~                                                                               [10;1H~                                                                               [11;1H~                                                                               [12;1H~                                                                               [13;1H~                                                                               [14;1H~                                                                               [15;1H~                                                                               [16;1H~                                                                               [17;1H~                                                                               [18;1H~                                                                               [19;1H~                                                                               [20;1H~                                                                               [21;1H~                                                                               [22;1H~                                                                               [23;1H~                                                                               [24;1H~                                                                               [1;1H[?25h[?0c[?25l[?1c[0m[25;1H[1m-- INSERT --[0m[25;13H[K[1;1H[?25h[?0c[25;1H[K[1;1H[?25l[?1c[?25h[?0c[25;1H[25;1H[root@192 ~]# 
[root@192 ~]# 
[root@192 ~]# 
[root@192 ~]# 
[root@192 ~]# 
[root@192 ~]# vi /usr/lib/dracut/modules.d/01test/module-setup.sh
[1;25r[?25h[?8c[?25h[?0c[27m[24m[0m[H[J[?25l[?1c[25;1H"/usr/lib/dracut/modules.d/01test/module-setup.sh" 13L, 126C[1;1H#!/bin/bash

check() {
    return 0
}

depends() {
    return 0
}

install() {
    inst_hook cleanup 00 "${moddir}/test.sh"
}
[1m[34m~                                                                               [15;1H~                                                                               [16;1H~                                                                               [17;1H~                                                                               [18;1H~                                                                               [19;1H~                                                                               [20;1H~                                                                               [21;1H~                                                                               [22;1H~                                                                               [23;1H~                                                                               [24;1H~                                                                               [1;1H[?25h[?0c[25;1H[0m[25;1H[K[25;1H[root@192 ~]# 
[root@192 ~]# 
[root@192 ~]# vi /usr/lib/dracut/modules.d/01test/module-setup.sh[C[C[C[C[C[C[C[C[C[C[C[C[C[C[3@rmdir[C[C[C[C[C[C[C[C[C[C[C[C[C[C[C[C[C[C[C[C[C[C[C[C[C[C[C[C[C[C[C[C[C[C[C[C[C[C[C[C[C[C[C[C[C[C[C[C[C[C[C[C[C[C[C[C[C[C[C[C[C[C[Cmk[C[C[C[C[C[C[C[C[C[C[C[C[C[C[C[C[C[C[C[C[C[C[C[C[C[C[C[C[C[C[C[C[C[C[C[C[C[C[C[C[C[C[C[C[C[C[C[C[C[C[C[C[K[K[K[Kest/test.sh 
anaconda-ks.cfg  .bash_profile    script2          .tcshrc
.bash_history    .bashrc          script3          typescript
.bash_logout     .cshrc           .ssh/            
[root@192 ~]# mkdir /usr/lib/dracut/modules.d/01test/test.sh 
anaconda-ks.cfg  .bash_profile    script2          .tcshrc
.bash_history    .bashrc          script3          typescript
.bash_logout     .cshrc           .ssh/            
[root@192 ~]# mkdir /usr/lib/dracut/modules.d/01test/test.sh 
anaconda-ks.cfg  .bash_profile    script2          .tcshrc
.bash_history    .bashrc          script3          typescript
.bash_logout     .cshrc           .ssh/            
[root@192 ~]# mkdir /usr/lib/dracut/modules.d/01test/test.sh 
anaconda-ks.cfg  .bash_profile    script2          .tcshrc
.bash_history    .bashrc          script3          typescript
.bash_logout     .cshrc           .ssh/            
[root@192 ~]# mkdir /usr/lib/dracut/modules.d/01test/test.sh 
anaconda-ks.cfg  .bash_profile    script2          .tcshrc
.bash_history    .bashrc          script3          typescript
.bash_logout     .cshrc           .ssh/            
[root@192 ~]# mkdir /usr/lib/dracut/modules.d/01test/test.sh 
mkdir: cannot create directory â€˜/usr/lib/dracut/modules.d/01test/test.shâ€™: File exists
[root@192 ~]# 
[root@192 ~]# 
[root@192 ~]# 
[root@192 ~]# mkdir /usr/lib/dracut/modules.d/01test/test.sh [K[C[C[C[C[C[C[C[C[C[C[C[C[C[C[1P[1P[1P[1P[1P /usr/lib/dracut/modules.d/01test/test.sh[C[C[C[C[C[C[C[C[C[C[C[C[C[Cv /usr/lib/dracut/modules.d/01test/test.sh[C[C[C[C[C[C[C[C[C[C[C[C[C[C[Ci /usr/lib/dracut/modules.d/01test/test.sh[C[C[C[C[C[C[C[C[C[C[C[C[C[C[C[C
[1;25r[?25h[?8c[?25h[?0c[27m[24m[0m[H[J[?25l[?1c[25;1H"/usr/lib/dracut/modules.d/01test/test.sh" 20L, 332C[1;1H#!/bin/bash

exec 0<>/dev/console 1<>/dev/console 2<>/dev/console
cat <<'msgend'
Hello! You are in dracut module!
 ___________________
< I'm dracut module >
 -------------------
   \
    \[11;9H.--.[12;8H|o_o |[13;8H|:_/ |[14;7H//   \ \[15;6H(|     | )
    /'\_   _/`\
    \___)=(___/
msgend
sleep 10
echo " continuing...."
[1m[34m~                                                                               [22;1H~                                                                               [23;1H~                                                                               [24;1H~                                                                               [1;1H[?25h[?0c


















[25;1H[0m[25;1H[K[25;1H[root@192 ~]# 
[root@192 ~]# 
[root@192 ~]# 
[root@192 ~]# vi /usr/lib/dracut/modules.d/01test/test.sh[C[C[C[C[C[C[C[C[C[C[C[C[C[C[Kvi /usr/lib/dracut/modules.d/01test/test.sh[C[C[C[C[C[C[C[C[C[C[C[C[C[Cmkdir /usr/lib/dracut/modules.d/01test/test.sh [C[C[C[C[C[C[C[C[C[C[C[C[C[Cvi /usr/lib/dracut/modules.d/01test/module-setup.sh[C[C[C[C[C[C[C[C[C[C[C[C[C[C[3@rmdir[C[C[C[C[C[C[C[C[C[C[C[C[C[C[C[C[C[C[C[C[C[C[C[C[C[C[C[C[C[C[C[C[C[C[C[C[C[C[C[C[C[C[C[C[C[C[C[C[C[C[C[C[C[C[C[C[C[C[C[C[C[C[Cmk[C[C[C[C[C[C[C[C[C[C[C[C[C[C[C[C[C[C[C[C[C[C[C[C[C[C[C[C[C[C[C[C[C[C[C[C[C[C[C[C[C[C[C[C[C[C[C[C[C[C[C[C[K[C[C[C[C[C[C[C[C[C[C[C[C[C[Clsblk[Kshutdown -r nowll[Kscript[1Plsblkmkinitrd -f -v /boot/initramfs-$(uname -r).img $(uname -r)[C[C[C[C[C[C[C[C[C[C[C[C[C[C[34Pvi /boot/grub2/grub.cfg [C[C[C[C[C[C[C[C[C[C[C[C[C[Cmkinitrd -f -v /boot/initramfs-$(uname -r).img $(uname -r)
Executing: /sbin/dracut -f -v /boot/initramfs-3.10.0-957.el7.x86_64.img 3.10.0-957.el7.x86_64
dracut module 'modsign' will not be installed, because command 'keyctl' could not be found!
dracut module 'busybox' will not be installed, because command 'busybox' could not be found!
dracut module 'crypt' will not be installed, because command 'cryptsetup' could not be found!
dracut module 'dmraid' will not be installed, because command 'dmraid' could not be found!
dracut module 'dmsquash-live-ntfs' will not be installed, because command 'ntfs-3g' could not be found!
dracut module 'mdraid' will not be installed, because command 'mdadm' could not be found!
dracut module 'multipath' will not be installed, because command 'multipath' could not be found!
dracut module 'cifs' will not be installed, because command 'mount.cifs' could not be found!
dracut module 'iscsi' will not be installed, because command 'iscsistart' could not be found!
dracut module 'iscsi' will not be installed, because command 'iscsi-iname' could not be found!
95nfs: Could not find any command of 'rpcbind portmap'!
dracut module 'modsign' will not be installed, because command 'keyctl' could not be found!
dracut module 'busybox' will not be installed, because command 'busybox' could not be found!
dracut module 'crypt' will not be installed, because command 'cryptsetup' could not be found!
dracut module 'dmraid' will not be installed, because command 'dmraid' could not be found!
dracut module 'dmsquash-live-ntfs' will not be installed, because command 'ntfs-3g' could not be found!
dracut module 'mdraid' will not be installed, because command 'mdadm' could not be found!
dracut module 'multipath' will not be installed, because command 'multipath' could not be found!
dracut module 'cifs' will not be installed, because command 'mount.cifs' could not be found!
dracut module 'iscsi' will not be installed, because command 'iscsistart' could not be found!
dracut module 'iscsi' will not be installed, because command 'iscsi-iname' could not be found!
95nfs: Could not find any command of 'rpcbind portmap'!
*** Including module: bash ***
*** Including module: test ***
*** Including module: nss-softokn ***
*** Including module: i18n ***
*** Including module: network ***
*** Including module: ifcfg ***
*** Including module: drm ***
*** Including module: plymouth ***
*** Including module: dm ***
Skipping udev rule: 64-device-mapper.rules
Skipping udev rule: 60-persistent-storage-dm.rules
Skipping udev rule: 55-dm.rules
*** Including module: kernel-modules ***
*** Including module: lvm ***
Skipping udev rule: 64-device-mapper.rules
Skipping udev rule: 56-lvm.rules
Skipping udev rule: 60-persistent-storage-lvm.rules
*** Including module: qemu ***
*** Including module: resume ***
*** Including module: rootfs-block ***
*** Including module: terminfo ***
*** Including module: udev-rules ***
Skipping udev rule: 40-redhat-cpu-hotplug.rules
Skipping udev rule: 91-permissions.rules
*** Including module: biosdevname ***
*** Including module: systemd ***
*** Including module: usrmount ***
*** Including module: base ***
*** Including module: fs-lib ***
*** Including module: microcode_ctl-fw_dir_override ***
  microcode_ctl module: mangling fw_dir
    microcode_ctl: reset fw_dir to "/lib/firmware/updates /lib/firmware"
    microcode_ctl: processing data directory  "/usr/share/microcode_ctl/ucode_with_caveats/intel"...
intel: model '', path ' intel-ucode/*', kvers ''
intel: blacklist ''
    microcode_ctl: intel: Host-Only mode is enabled and ucode name does not match the expected one, skipping caveat ("microcode_amd_fam17h.bin" not in " intel-ucode/*")
    microcode_ctl: processing data directory  "/usr/share/microcode_ctl/ucode_with_caveats/intel-06-4f-01"...
intel-06-4f-01: model 'GenuineIntel 06-4f-01', path ' intel-ucode/06-4f-01', kvers ' 4.17.0 3.10.0-894 3.10.0-862.6.1 3.10.0-693.35.1 3.10.0-514.52.1 3.10.0-327.70.1 2.6.32-754.1.1 2.6.32-573.58.1 2.6.32-504.71.1 2.6.32-431.90.1 2.6.32-358.90.1'
intel-06-4f-01: blacklist ''
intel-06-4f-01: caveat is disabled in configuration
    microcode_ctl: kernel version "3.10.0-957.el7.x86_64" failed early load check for "intel-06-4f-01", skipping
    microcode_ctl: final fw_dir: "/lib/firmware/updates /lib/firmware"
*** Including module: shutdown ***
*** Including modules done ***
*** Installing kernel module dependencies and firmware ***
*** Installing kernel module dependencies and firmware done ***
*** Resolving executable dependencies ***
*** Resolving executable dependencies done***
*** Hardlinking files ***
*** Hardlinking files done ***
*** Stripping files ***
*** Stripping files done ***
*** Generating early-microcode cpio image contents ***
*** Constructing AuthenticAMD.bin ****
*** Store current command line parameters ***
*** Creating image file ***
*** Creating microcode section ***
*** Created microcode section ***
*** Creating image file done ***
*** Creating initramfs image file '/boot/initramfs-3.10.0-957.el7.x86_64.img' done ***
[root@192 ~]# exit

Script done on Mon 17 Jun 2019 03:51:01 PM EDT
